---
source: src/tests/test_with_components.rs
expression: result
snapshot_kind: text
---
TokenStream:

None

Diagnostics:

====
Error: Contract module must have the `#[starknet::contract]` attribute.
====

AuxData:

None
