---
source: src/tests/test_with_components.rs
expression: result
snapshot_kind: text
---
TokenStream:

#[starknet::contract]
pub mod MyToken {
    use openzeppelin_token::erc20::ERC20HooksEmptyImpl;
    use starknet::ContractAddress;

    #[storage]
    pub struct Storage {        #[substorage(v0)]
        erc20: ERC20Component::Storage,
        #[substorage(v0)]
        ownable: OwnableComponent::Storage,
}

    use openzeppelin_token::erc20::ERC20Component;
    use openzeppelin_access::ownable::OwnableComponent;

    component!(path: ERC20Component, storage: erc20, event: ERC20Event);
    component!(path: OwnableComponent, storage: ownable, event: OwnableEvent);

    impl ERC20InternalImpl = ERC20Component::InternalImpl<ContractState>;
    impl OwnableInternalImpl = OwnableComponent::InternalImpl<ContractState>;

    #[event]
    #[derive(Drop, starknet::Event)]
    enum Event {
        #[flat]
        ERC20Event: ERC20Component::Event,
        #[flat]
        OwnableEvent: OwnableComponent::Event,
    }}


Diagnostics:

====
Warning: It looks like the initilizers for the following components are missing:

ERC20, Ownable

This may lead to unexpected behavior. We recommend adding a constructor with the corresponding initializer calls.
====

AuxData:

None
