---
source: src/tests/test_with_components.rs
expression: result
snapshot_kind: text
---
TokenStream:

#[starknet::contract]
pub mod MyContract {
    #[storage]
    pub struct Storage {
        #[substorage(v0)]
        pub reentrancy_guard: ReentrancyGuardComponent::Storage,
    }
    use openzeppelin_security::ReentrancyGuardComponent;

    component!(
        path: ReentrancyGuardComponent, storage: reentrancy_guard, event: ReentrancyGuardEvent,
    );

    impl ReentrancyGuardInternalImpl = ReentrancyGuardComponent::InternalImpl<ContractState>;

    #[event]
    #[derive(Drop, starknet::Event)]
    enum Event {
        #[flat]
        ReentrancyGuardEvent: ReentrancyGuardComponent::Event,
    }
}


Diagnostics:

None

AuxData:

None
