---
source: src/tests/test_with_components.rs
expression: result
snapshot_kind: text
---
TokenStream:

#[starknet::contract]
pub mod Contract {
    use openzeppelin_access::accesscontrol::DEFAULT_ADMIN_ROLE;
    use starknet::ContractAddress;

    #[storage]
    pub struct Storage {
        #[substorage(v0)]
        pub access_control: AccessControlComponent::Storage,
    }

    #[constructor]
    fn constructor(ref self: ContractState) {}
    use openzeppelin_access::accesscontrol::AccessControlComponent;

    component!(path: AccessControlComponent, storage: access_control, event: AccessControlEvent);

    impl AccessControlInternalImpl = AccessControlComponent::InternalImpl<ContractState>;

    #[event]
    #[derive(Drop, starknet::Event)]
    enum Event {
        #[flat]
        AccessControlEvent: AccessControlComponent::Event,
    }
}


Diagnostics:

====
Warning: It looks like the initializers for the following components are missing:

AccessControl

This may lead to unexpected behavior.
We recommend adding the corresponding initializer calls to the constructor.
====

AuxData:

None
