---
source: src/tests/test_with_components.rs
expression: result
snapshot_kind: text
---
TokenStream:

None

Diagnostics:

====
Error: ERC6000 is not in the list of allowed components.
====

AuxData:

None
