---
source: src/tests/test_with_components.rs
assertion_line: 1692
expression: result
---
TokenStream:

None

Diagnostics:

====
Error: Component ERC20 is specified multiple times. Each component must only be listed once.
====

AuxData:

None
